1783226981.180018 client started (85773): version 3.7b, socket /private/tmp/tmux-501/default, protocol 8
1783226981.180074 on Darwin 25.6.0 Darwin Kernel Version 25.6.0: Fri May 15 01:59:50 PDT 2026; root:xnu-12377.160.49.0.1~42/RELEASE_ARM64_T6000
1783226981.180086 using libevent 2.1.13-stable select
1783226981.180122 using utf8proc 2.11.3
1783226981.180132 using ncurses 6.6 20251230
1783226981.180152 flags are 0x18010000
1783226981.180161 socket is /private/tmp/tmux-501/default
1783226981.180174 trying connect
1783226981.180196 connect failed: No such file or directory
1783226981.180214 lock file is /private/tmp/tmux-501/default.lock
1783226981.180304 flock succeeded
1783226981.180308 got lock (6)
1783226981.180313 trying connect
1783226981.180319 connect failed: No such file or directory
1783226981.180613 add peer 0x103255ec0: 7 (0x0)
1783226981.182463 sending message 111 to peer 0x103255ec0 (8 bytes)
1783226981.182472 sending message 111 to peer 0x103255ec0 (8 bytes)
1783226981.182477 sending message 101 to peer 0x103255ec0 (14 bytes)
1783226981.182481 sending message 109 to peer 0x103255ec0 (4 bytes)
1783226981.182486 sending message 102 to peer 0x103255ec0 (13 bytes)
1783226981.182491 sending message 108 to peer 0x103255ec0 (42 bytes)
1783226981.182495 sending message 112 to peer 0x103255ec0 (70 bytes)
1783226981.182499 sending message 112 to peer 0x103255ec0 (5 bytes)
1783226981.182507 sending message 112 to peer 0x103255ec0 (5 bytes)
1783226981.182512 sending message 112 to peer 0x103255ec0 (6 bytes)
1783226981.182518 sending message 112 to peer 0x103255ec0 (6 bytes)
1783226981.182524 sending message 112 to peer 0x103255ec0 (11 bytes)
1783226981.182530 sending message 112 to peer 0x103255ec0 (10 bytes)
1783226981.182537 sending message 112 to peer 0x103255ec0 (13 bytes)
1783226981.182542 sending message 112 to peer 0x103255ec0 (14 bytes)
1783226981.182550 sending message 112 to peer 0x103255ec0 (9 bytes)
1783226981.182556 sending message 112 to peer 0x103255ec0 (21 bytes)
1783226981.182562 sending message 112 to peer 0x103255ec0 (19 bytes)
1783226981.182567 sending message 112 to peer 0x103255ec0 (11 bytes)
1783226981.182573 sending message 112 to peer 0x103255ec0 (21 bytes)
1783226981.182579 sending message 112 to peer 0x103255ec0 (13 bytes)
1783226981.182584 sending message 112 to peer 0x103255ec0 (7 bytes)
1783226981.182589 sending message 112 to peer 0x103255ec0 (13 bytes)
1783226981.182596 sending message 112 to peer 0x103255ec0 (7 bytes)
1783226981.182603 sending message 112 to peer 0x103255ec0 (13 bytes)
1783226981.182610 sending message 112 to peer 0x103255ec0 (9 bytes)
1783226981.182616 sending message 112 to peer 0x103255ec0 (21 bytes)
1783226981.182626 sending message 112 to peer 0x103255ec0 (13 bytes)
1783226981.182632 sending message 112 to peer 0x103255ec0 (9 bytes)
1783226981.182638 sending message 112 to peer 0x103255ec0 (16 bytes)
1783226981.182642 sending message 112 to peer 0x103255ec0 (13 bytes)
1783226981.182648 sending message 112 to peer 0x103255ec0 (9 bytes)
1783226981.182654 sending message 112 to peer 0x103255ec0 (9 bytes)
1783226981.182659 sending message 112 to peer 0x103255ec0 (12 bytes)
1783226981.182664 sending message 112 to peer 0x103255ec0 (8 bytes)
1783226981.182668 sending message 112 to peer 0x103255ec0 (12 bytes)
1783226981.182671 sending message 112 to peer 0x103255ec0 (8 bytes)
1783226981.182675 sending message 112 to peer 0x103255ec0 (13 bytes)
1783226981.182679 sending message 112 to peer 0x103255ec0 (7 bytes)
1783226981.182683 sending message 112 to peer 0x103255ec0 (7 bytes)
1783226981.182687 sending message 112 to peer 0x103255ec0 (9 bytes)
1783226981.182691 sending message 112 to peer 0x103255ec0 (12 bytes)
1783226981.182695 sending message 112 to peer 0x103255ec0 (6 bytes)
1783226981.182699 sending message 112 to peer 0x103255ec0 (9 bytes)
1783226981.182703 sending message 112 to peer 0x103255ec0 (15 bytes)
1783226981.182707 sending message 112 to peer 0x103255ec0 (13 bytes)
1783226981.182710 sending message 112 to peer 0x103255ec0 (9 bytes)
1783226981.182714 sending message 112 to peer 0x103255ec0 (12 bytes)
1783226981.182731 sending message 112 to peer 0x103255ec0 (8 bytes)
1783226981.182735 sending message 112 to peer 0x103255ec0 (14 bytes)
1783226981.182738 sending message 112 to peer 0x103255ec0 (11 bytes)
1783226981.182741 sending message 112 to peer 0x103255ec0 (9 bytes)
1783226981.182745 sending message 112 to peer 0x103255ec0 (10 bytes)
1783226981.182748 sending message 112 to peer 0x103255ec0 (10 bytes)
1783226981.182752 sending message 112 to peer 0x103255ec0 (10 bytes)
1783226981.182754 sending message 112 to peer 0x103255ec0 (10 bytes)
1783226981.182757 sending message 112 to peer 0x103255ec0 (11 bytes)
1783226981.182760 sending message 112 to peer 0x103255ec0 (12 bytes)
1783226981.182764 sending message 112 to peer 0x103255ec0 (12 bytes)
1783226981.182766 sending message 112 to peer 0x103255ec0 (12 bytes)
1783226981.182769 sending message 112 to peer 0x103255ec0 (12 bytes)
1783226981.182772 sending message 112 to peer 0x103255ec0 (12 bytes)
1783226981.182775 sending message 112 to peer 0x103255ec0 (11 bytes)
1783226981.182778 sending message 112 to peer 0x103255ec0 (11 bytes)
1783226981.182781 sending message 112 to peer 0x103255ec0 (12 bytes)
1783226981.182785 sending message 112 to peer 0x103255ec0 (12 bytes)
1783226981.182788 sending message 112 to peer 0x103255ec0 (12 bytes)
1783226981.182791 sending message 112 to peer 0x103255ec0 (12 bytes)
1783226981.182793 sending message 112 to peer 0x103255ec0 (12 bytes)
1783226981.182796 sending message 112 to peer 0x103255ec0 (9 bytes)
1783226981.182800 sending message 112 to peer 0x103255ec0 (12 bytes)
1783226981.182803 sending message 112 to peer 0x103255ec0 (13 bytes)
1783226981.182807 sending message 112 to peer 0x103255ec0 (13 bytes)
1783226981.182810 sending message 112 to peer 0x103255ec0 (13 bytes)
1783226981.182813 sending message 112 to peer 0x103255ec0 (13 bytes)
1783226981.182817 sending message 112 to peer 0x103255ec0 (13 bytes)
1783226981.182820 sending message 112 to peer 0x103255ec0 (8 bytes)
1783226981.182823 sending message 112 to peer 0x103255ec0 (11 bytes)
1783226981.182826 sending message 112 to peer 0x103255ec0 (11 bytes)
1783226981.182830 sending message 112 to peer 0x103255ec0 (11 bytes)
1783226981.182833 sending message 112 to peer 0x103255ec0 (12 bytes)
1783226981.182836 sending message 112 to peer 0x103255ec0 (12 bytes)
1783226981.182839 sending message 112 to peer 0x103255ec0 (12 bytes)
1783226981.182843 sending message 112 to peer 0x103255ec0 (12 bytes)
1783226981.182846 sending message 112 to peer 0x103255ec0 (13 bytes)
1783226981.182849 sending message 112 to peer 0x103255ec0 (13 bytes)
1783226981.182852 sending message 112 to peer 0x103255ec0 (13 bytes)
1783226981.182855 sending message 112 to peer 0x103255ec0 (8 bytes)
1783226981.182858 sending message 112 to peer 0x103255ec0 (13 bytes)
1783226981.182861 sending message 112 to peer 0x103255ec0 (13 bytes)
1783226981.182864 sending message 112 to peer 0x103255ec0 (13 bytes)
1783226981.182867 sending message 112 to peer 0x103255ec0 (13 bytes)
1783226981.182871 sending message 112 to peer 0x103255ec0 (13 bytes)
1783226981.182874 sending message 112 to peer 0x103255ec0 (12 bytes)
1783226981.182878 sending message 112 to peer 0x103255ec0 (12 bytes)
1783226981.182881 sending message 112 to peer 0x103255ec0 (12 bytes)
1783226981.182885 sending message 112 to peer 0x103255ec0 (12 bytes)
1783226981.182888 sending message 112 to peer 0x103255ec0 (13 bytes)
1783226981.182892 sending message 112 to peer 0x103255ec0 (8 bytes)
1783226981.182895 sending message 112 to peer 0x103255ec0 (13 bytes)
1783226981.182897 sending message 112 to peer 0x103255ec0 (13 bytes)
1783226981.182901 sending message 112 to peer 0x103255ec0 (13 bytes)
1783226981.182904 sending message 112 to peer 0x103255ec0 (13 bytes)
1783226981.182907 sending message 112 to peer 0x103255ec0 (13 bytes)
1783226981.182910 sending message 112 to peer 0x103255ec0 (13 bytes)
1783226981.182912 sending message 112 to peer 0x103255ec0 (13 bytes)
1783226981.182916 sending message 112 to peer 0x103255ec0 (12 bytes)
1783226981.182923 sending message 112 to peer 0x103255ec0 (12 bytes)
1783226981.182926 sending message 112 to peer 0x103255ec0 (12 bytes)
1783226981.182929 sending message 112 to peer 0x103255ec0 (8 bytes)
1783226981.182932 sending message 112 to peer 0x103255ec0 (12 bytes)
1783226981.182935 sending message 112 to peer 0x103255ec0 (13 bytes)
1783226981.182938 sending message 112 to peer 0x103255ec0 (13 bytes)
1783226981.182941 sending message 112 to peer 0x103255ec0 (13 bytes)
1783226981.182945 sending message 112 to peer 0x103255ec0 (13 bytes)
1783226981.182948 sending message 112 to peer 0x103255ec0 (13 bytes)
1783226981.182951 sending message 112 to peer 0x103255ec0 (13 bytes)
1783226981.182954 sending message 112 to peer 0x103255ec0 (13 bytes)
1783226981.182958 sending message 112 to peer 0x103255ec0 (13 bytes)
1783226981.182961 sending message 112 to peer 0x103255ec0 (12 bytes)
1783226981.182964 sending message 112 to peer 0x103255ec0 (10 bytes)
1783226981.182967 sending message 112 to peer 0x103255ec0 (12 bytes)
1783226981.182970 sending message 112 to peer 0x103255ec0 (12 bytes)
1783226981.182973 sending message 112 to peer 0x103255ec0 (12 bytes)
1783226981.182976 sending message 112 to peer 0x103255ec0 (13 bytes)
1783226981.182979 sending message 112 to peer 0x103255ec0 (13 bytes)
1783226981.182982 sending message 112 to peer 0x103255ec0 (13 bytes)
1783226981.182985 sending message 112 to peer 0x103255ec0 (13 bytes)
1783226981.182989 sending message 112 to peer 0x103255ec0 (13 bytes)
1783226981.182993 sending message 112 to peer 0x103255ec0 (13 bytes)
1783226981.182996 sending message 112 to peer 0x103255ec0 (13 bytes)
1783226981.182999 sending message 112 to peer 0x103255ec0 (10 bytes)
1783226981.183002 sending message 112 to peer 0x103255ec0 (13 bytes)
1783226981.183006 sending message 112 to peer 0x103255ec0 (12 bytes)
1783226981.183009 sending message 112 to peer 0x103255ec0 (12 bytes)
1783226981.183012 sending message 112 to peer 0x103255ec0 (12 bytes)
1783226981.183015 sending message 112 to peer 0x103255ec0 (10 bytes)
1783226981.183020 sending message 112 to peer 0x103255ec0 (10 bytes)
1783226981.183024 sending message 112 to peer 0x103255ec0 (10 bytes)
1783226981.183027 sending message 112 to peer 0x103255ec0 (12 bytes)
1783226981.183030 sending message 112 to peer 0x103255ec0 (13 bytes)
1783226981.183034 sending message 112 to peer 0x103255ec0 (13 bytes)
1783226981.183037 sending message 112 to peer 0x103255ec0 (13 bytes)
1783226981.183040 sending message 112 to peer 0x103255ec0 (13 bytes)
1783226981.183043 sending message 112 to peer 0x103255ec0 (13 bytes)
1783226981.183046 sending message 112 to peer 0x103255ec0 (10 bytes)
1783226981.183049 sending message 112 to peer 0x103255ec0 (11 bytes)
1783226981.183051 sending message 112 to peer 0x103255ec0 (12 bytes)
1783226981.183055 sending message 112 to peer 0x103255ec0 (12 bytes)
1783226981.183059 sending message 112 to peer 0x103255ec0 (12 bytes)
1783226981.183061 sending message 112 to peer 0x103255ec0 (12 bytes)
1783226981.183065 sending message 112 to peer 0x103255ec0 (12 bytes)
1783226981.183068 sending message 112 to peer 0x103255ec0 (11 bytes)
1783226981.183071 sending message 112 to peer 0x103255ec0 (12 bytes)
1783226981.183074 sending message 112 to peer 0x103255ec0 (12 bytes)
1783226981.183078 sending message 112 to peer 0x103255ec0 (13 bytes)
1783226981.183080 sending message 112 to peer 0x103255ec0 (13 bytes)
1783226981.183083 sending message 112 to peer 0x103255ec0 (13 bytes)
1783226981.183085 sending message 112 to peer 0x103255ec0 (13 bytes)
1783226981.183090 sending message 112 to peer 0x103255ec0 (13 bytes)
1783226981.183092 sending message 112 to peer 0x103255ec0 (10 bytes)
1783226981.183095 sending message 112 to peer 0x103255ec0 (9 bytes)
1783226981.183098 sending message 112 to peer 0x103255ec0 (12 bytes)
1783226981.183101 sending message 112 to peer 0x103255ec0 (13 bytes)
1783226981.183104 sending message 112 to peer 0x103255ec0 (13 bytes)
1783226981.183108 sending message 112 to peer 0x103255ec0 (13 bytes)
1783226981.183111 sending message 112 to peer 0x103255ec0 (13 bytes)
1783226981.183118 sending message 112 to peer 0x103255ec0 (13 bytes)
1783226981.183121 sending message 112 to peer 0x103255ec0 (9 bytes)
1783226981.183124 sending message 112 to peer 0x103255ec0 (12 bytes)
1783226981.183127 sending message 112 to peer 0x103255ec0 (13 bytes)
1783226981.183131 sending message 112 to peer 0x103255ec0 (13 bytes)
1783226981.183135 sending message 112 to peer 0x103255ec0 (13 bytes)
1783226981.183139 sending message 112 to peer 0x103255ec0 (13 bytes)
1783226981.183142 sending message 112 to peer 0x103255ec0 (13 bytes)
1783226981.183146 sending message 112 to peer 0x103255ec0 (11 bytes)
1783226981.183150 sending message 112 to peer 0x103255ec0 (12 bytes)
1783226981.183154 sending message 112 to peer 0x103255ec0 (13 bytes)
1783226981.183157 sending message 112 to peer 0x103255ec0 (13 bytes)
1783226981.183160 sending message 112 to peer 0x103255ec0 (13 bytes)
1783226981.183163 sending message 112 to peer 0x103255ec0 (13 bytes)
1783226981.183166 sending message 112 to peer 0x103255ec0 (13 bytes)
1783226981.183169 sending message 112 to peer 0x103255ec0 (11 bytes)
1783226981.183172 sending message 112 to peer 0x103255ec0 (12 bytes)
1783226981.183175 sending message 112 to peer 0x103255ec0 (12 bytes)
1783226981.183178 sending message 112 to peer 0x103255ec0 (12 bytes)
1783226981.183183 sending message 112 to peer 0x103255ec0 (12 bytes)
1783226981.183186 sending message 112 to peer 0x103255ec0 (12 bytes)
1783226981.183189 sending message 112 to peer 0x103255ec0 (21 bytes)
1783226981.183193 sending message 112 to peer 0x103255ec0 (12 bytes)
1783226981.183196 sending message 112 to peer 0x103255ec0 (9 bytes)
1783226981.183200 sending message 112 to peer 0x103255ec0 (6 bytes)
1783226981.183202 sending message 112 to peer 0x103255ec0 (13 bytes)
1783226981.183205 sending message 112 to peer 0x103255ec0 (10 bytes)
1783226981.183208 sending message 112 to peer 0x103255ec0 (15 bytes)
1783226981.183210 sending message 112 to peer 0x103255ec0 (13 bytes)
1783226981.183213 sending message 112 to peer 0x103255ec0 (9 bytes)
1783226981.183217 sending message 112 to peer 0x103255ec0 (70 bytes)
1783226981.183220 sending message 112 to peer 0x103255ec0 (69 bytes)
1783226981.183223 sending message 112 to peer 0x103255ec0 (34 bytes)
1783226981.183226 sending message 112 to peer 0x103255ec0 (34 bytes)
1783226981.183229 sending message 112 to peer 0x103255ec0 (70 bytes)
1783226981.183232 sending message 112 to peer 0x103255ec0 (12 bytes)
1783226981.183235 sending message 112 to peer 0x103255ec0 (10 bytes)
1783226981.183238 sending message 112 to peer 0x103255ec0 (10 bytes)
1783226981.183241 sending message 112 to peer 0x103255ec0 (15 bytes)
1783226981.183244 sending message 112 to peer 0x103255ec0 (13 bytes)
1783226981.183248 sending message 112 to peer 0x103255ec0 (10 bytes)
1783226981.183251 sending message 112 to peer 0x103255ec0 (10 bytes)
1783226981.183254 sending message 112 to peer 0x103255ec0 (17 bytes)
1783226981.183258 sending message 112 to peer 0x103255ec0 (10 bytes)
1783226981.183261 sending message 112 to peer 0x103255ec0 (13 bytes)
1783226981.183264 sending message 112 to peer 0x103255ec0 (32 bytes)
1783226981.183267 sending message 112 to peer 0x103255ec0 (5 bytes)
1783226981.183270 sending message 112 to peer 0x103255ec0 (9 bytes)
1783226981.183273 sending message 112 to peer 0x103255ec0 (15 bytes)
1783226981.183276 sending message 112 to peer 0x103255ec0 (5 bytes)
1783226981.183280 sending message 104 to peer 0x103255ec0 (0 bytes)
1783226981.183284 sending message 110 to peer 0x103255ec0 (0 bytes)
1783226981.183287 sending message 107 to peer 0x103255ec0 (4 bytes)
1783226981.183290 sending message 105 to peer 0x103255ec0 (158 bytes)
1783226981.183293 sending message 105 to peer 0x103255ec0 (75 bytes)
1783226981.183296 sending message 105 to peer 0x103255ec0 (21 bytes)
1783226981.183299 sending message 105 to peer 0x103255ec0 (19 bytes)
1783226981.183303 sending message 105 to peer 0x103255ec0 (15 bytes)
1783226981.183306 sending message 105 to peer 0x103255ec0 (57 bytes)
1783226981.183315 sending message 105 to peer 0x103255ec0 (27 bytes)
1783226981.183318 sending message 105 to peer 0x103255ec0 (13 bytes)
1783226981.183322 sending message 105 to peer 0x103255ec0 (22 bytes)
1783226981.183325 sending message 105 to peer 0x103255ec0 (62 bytes)
1783226981.183328 sending message 105 to peer 0x103255ec0 (34 bytes)
1783226981.183331 sending message 105 to peer 0x103255ec0 (662 bytes)
1783226981.183335 sending message 105 to peer 0x103255ec0 (48 bytes)
1783226981.183338 sending message 105 to peer 0x103255ec0 (43 bytes)
1783226981.183340 sending message 105 to peer 0x103255ec0 (46 bytes)
1783226981.183343 sending message 105 to peer 0x103255ec0 (17 bytes)
1783226981.183345 sending message 105 to peer 0x103255ec0 (14 bytes)
1783226981.183348 sending message 105 to peer 0x103255ec0 (19 bytes)
1783226981.183351 sending message 105 to peer 0x103255ec0 (8 bytes)
1783226981.183354 sending message 105 to peer 0x103255ec0 (20 bytes)
1783226981.183357 sending message 105 to peer 0x103255ec0 (63 bytes)
1783226981.183360 sending message 105 to peer 0x103255ec0 (16 bytes)
1783226981.183362 sending message 105 to peer 0x103255ec0 (98 bytes)
1783226981.183366 sending message 105 to peer 0x103255ec0 (57 bytes)
1783226981.183369 sending message 105 to peer 0x103255ec0 (18 bytes)
1783226981.183372 sending message 105 to peer 0x103255ec0 (20 bytes)
1783226981.183375 sending message 105 to peer 0x103255ec0 (49 bytes)
1783226981.183378 sending message 105 to peer 0x103255ec0 (69 bytes)
1783226981.183381 sending message 105 to peer 0x103255ec0 (77 bytes)
1783226981.183385 sending message 105 to peer 0x103255ec0 (30 bytes)
1783226981.183389 sending message 105 to peer 0x103255ec0 (11 bytes)
1783226981.183392 sending message 105 to peer 0x103255ec0 (8 bytes)
1783226981.183395 sending message 105 to peer 0x103255ec0 (32 bytes)
1783226981.183398 sending message 105 to peer 0x103255ec0 (96 bytes)
1783226981.183402 sending message 105 to peer 0x103255ec0 (28 bytes)
1783226981.183406 sending message 105 to peer 0x103255ec0 (16 bytes)
1783226981.183409 sending message 105 to peer 0x103255ec0 (55 bytes)
1783226981.183417 sending message 105 to peer 0x103255ec0 (64 bytes)
1783226981.183423 sending message 105 to peer 0x103255ec0 (73 bytes)
1783226981.183427 sending message 105 to peer 0x103255ec0 (75 bytes)
1783226981.183430 sending message 105 to peer 0x103255ec0 (81 bytes)
1783226981.183433 sending message 105 to peer 0x103255ec0 (77 bytes)
1783226981.183436 sending message 105 to peer 0x103255ec0 (79 bytes)
1783226981.183439 sending message 105 to peer 0x103255ec0 (81 bytes)
1783226981.183443 sending message 105 to peer 0x103255ec0 (77 bytes)
1783226981.183447 sending message 105 to peer 0x103255ec0 (75 bytes)
1783226981.183451 sending message 105 to peer 0x103255ec0 (81 bytes)
1783226981.183454 sending message 105 to peer 0x103255ec0 (81 bytes)
1783226981.183458 sending message 105 to peer 0x103255ec0 (79 bytes)
1783226981.183462 sending message 105 to peer 0x103255ec0 (83 bytes)
1783226981.183465 sending message 105 to peer 0x103255ec0 (79 bytes)
1783226981.183468 sending message 105 to peer 0x103255ec0 (97 bytes)
1783226981.183471 sending message 105 to peer 0x103255ec0 (95 bytes)
1783226981.183474 sending message 105 to peer 0x103255ec0 (77 bytes)
1783226981.183477 sending message 105 to peer 0x103255ec0 (89 bytes)
1783226981.183480 sending message 105 to peer 0x103255ec0 (19 bytes)
1783226981.183483 sending message 105 to peer 0x103255ec0 (38 bytes)
1783226981.183486 sending message 105 to peer 0x103255ec0 (32 bytes)
1783226981.183490 sending message 105 to peer 0x103255ec0 (25 bytes)
1783226981.183494 sending message 106 to peer 0x103255ec0 (0 bytes)
1783226981.233773 sending message 200 to peer 0x103255ec0 (4 bytes)
1783226981.233783 client loop enter
1783226981.233807 client_signal: Child exited: 20
1783226981.249648 peer 0x103255ec0 message 207
1783226981.249675 sending message 208 to peer 0x103255ec0 (0 bytes)
1783227018.729732 peer 0x103255ec0 message 203
1783227018.729940 sending message 205 to peer 0x103255ec0 (0 bytes)
1783227018.730242 peer 0x103255ec0 message 204
1783227018.730255 client loop exit
